// Jest Snapshot v1, https://goo.gl/fbAQLP

exports[`ParkingExpansionPanel should render correctly 1`] = `
<div
  className="MuiPaper-root MuiExpansionPanel-root MuiExpansionPanel-rounded MuiPaper-elevation1 MuiPaper-rounded"
  id="parking-uuid"
>
  <div
    aria-disabled={false}
    aria-expanded={false}
    className="MuiButtonBase-root MuiExpansionPanelSummary-root"
    onBlur={[Function]}
    onClick={[Function]}
    onDragLeave={[Function]}
    onFocus={[Function]}
    onKeyDown={[Function]}
    onKeyUp={[Function]}
    onMouseDown={[Function]}
    onMouseLeave={[Function]}
    onMouseUp={[Function]}
    onTouchEnd={[Function]}
    onTouchMove={[Function]}
    onTouchStart={[Function]}
    role="button"
    tabIndex={0}
  >
    <div
      className="MuiExpansionPanelSummary-content"
    >
      <header>
        <p
          className="MuiTypography-root MuiTypography-body1"
        >
          car_plate
        </p>
        <p
          className="MuiTypography-root MuiTypography-body1"
        >
          Data e hora da den√∫ncia: 
          created_at
        </p>
        <a
          className="MuiTypography-root MuiLink-root MuiLink-underlineHover MuiTypography-colorPrimary"
          onBlur={[Function]}
          onFocus={[Function]}
        >
          Expandir para mais detalhes
        </a>
      </header>
    </div>
  </div>
  <div
    className="MuiCollapse-container MuiCollapse-hidden"
    style={
      Object {
        "minHeight": "0px",
      }
    }
  >
    <div
      className="MuiCollapse-wrapper"
    >
      <div
        className="MuiCollapse-wrapperInner"
      >
        <div
          role="region"
        >
          <div
            className="MuiExpansionPanelDetails-root"
          >
            <ul
              className="MuiGridList-root"
              style={
                Object {
                  "margin": -2,
                }
              }
            >
              <li
                className="MuiGridListTile-root"
                style={
                  Object {
                    "height": 293,
                    "padding": 2,
                    "width": "100%",
                  }
                }
              >
                <div
                  className="MuiGridListTile-tile"
                >
                  <iframe
                    allowFullScreen={true}
                    className="MuiBox-root MuiBox-root-91 makeStyles-cover-89"
                    frameBorder={0}
                    src="https://www.google.com/maps/embed/v1/place?q=0,1&key=undefined"
                  />
                </div>
              </li>
              <li
                className="MuiGridListTile-root"
                style={
                  Object {
                    "height": 293,
                    "padding": 2,
                    "width": "100%",
                  }
                }
              >
                <div
                  className="MuiGridListTile-tile"
                >
                  <img
                    className="makeStyles-root-92 makeStyles-cover-93"
                    height="car_front_photo_height"
                    loading="lazy"
                    src="car_front_photo_uri"
                    width="car_front_photo_width"
                  />
                  <div
                    className="MuiGridListTileBar-root MuiGridListTileBar-titlePositionBottom"
                  >
                    <div
                      className="MuiGridListTileBar-titleWrap"
                    >
                      <div
                        className="MuiGridListTileBar-title"
                      >
                        Foto da frente
                      </div>
                    </div>
                  </div>
                </div>
              </li>
            </ul>
          </div>
        </div>
      </div>
    </div>
  </div>
</div>
`;
