// Jest Snapshot v1, https://goo.gl/fbAQLP

exports[`Header renders correctly with site title 1`] = `
<p
  className="MuiTypography-root MuiTypography-body1 MuiTypography-paragraph"
>
  <small>
    Â© 
    2020
     
    <strong>
      Test site name
    </strong>
  </small>
</p>
`;
