// Jest Snapshot v1, https://goo.gl/fbAQLP

exports[`SuccessStep should render correctly 1`] = `
<article
  className="MuiBox-root MuiBox-root-2"
>
  <hr
    className="MuiDivider-root"
  />
  <hr
    className="MuiDivider-root"
  />
  <div
    className="MuiPaper-root MuiExpansionPanel-root MuiExpansionPanel-rounded MuiPaper-elevation1 MuiPaper-rounded"
  >
    <div
      aria-disabled={false}
      aria-expanded={false}
      className="MuiButtonBase-root MuiExpansionPanelSummary-root"
      onBlur={[Function]}
      onClick={[Function]}
      onDragLeave={[Function]}
      onFocus={[Function]}
      onKeyDown={[Function]}
      onKeyUp={[Function]}
      onMouseDown={[Function]}
      onMouseLeave={[Function]}
      onMouseUp={[Function]}
      onTouchEnd={[Function]}
      onTouchMove={[Function]}
      onTouchStart={[Function]}
      role="button"
      tabIndex={0}
    >
      <div
        className="MuiExpansionPanelSummary-content"
      >
        Revisar dados da sua última denúncia
      </div>
    </div>
    <div
      className="MuiCollapse-container MuiCollapse-hidden"
      style={
        Object {
          "minHeight": "0px",
        }
      }
    >
      <div
        className="MuiCollapse-wrapper"
      >
        <div
          className="MuiCollapse-wrapperInner"
        >
          <div
            role="region"
          >
            <div
              className="MuiExpansionPanelDetails-root"
            >
              <dl>
                <dt>
                  Placa
                </dt>
                <dd>
                  ABC1234
                </dd>
                <dt>
                  Marca
                </dt>
                <dd>
                  Kia
                </dd>
                <dt>
                  Modelo
                </dt>
                <dd>
                  Cerato (ou similar)
                </dd>
              </dl>
            </div>
          </div>
        </div>
      </div>
    </div>
  </div>
  <hr
    className="MuiDivider-root"
  />
  <button
    className="MuiButtonBase-root MuiButton-root MuiButton-contained MuiButton-containedPrimary"
    disabled={false}
    onBlur={[Function]}
    onClick={[MockFunction]}
    onDragLeave={[Function]}
    onFocus={[Function]}
    onKeyDown={[Function]}
    onKeyUp={[Function]}
    onMouseDown={[Function]}
    onMouseLeave={[Function]}
    onMouseUp={[Function]}
    onTouchEnd={[Function]}
    onTouchMove={[Function]}
    onTouchStart={[Function]}
    tabIndex={0}
    type="button"
  >
    <span
      className="MuiButton-label"
    >
      Fazer outra denúncia
    </span>
  </button>
</article>
`;
