// Jest Snapshot v1, https://goo.gl/fbAQLP

exports[`Recoil provider wrapper should render correctly with theme 1`] = `"Test element"`;
